MO spi NULL spi.v vlg54/spi.bin 1481644358
MO memory NULL memory.v vlg69/memory.bin 1481645438
MO generator NULL generator.v vlg2F/generator.bin 1481644358
MO moduloaddr NULL moduloaddr.v vlg23/moduloaddr.bin 1481644358
MO fsm NULL fsm.v vlg22/fsm.bin 1481644358
MO clk_div NULL clk_div.v vlg3C/clk__div.bin 1481644358
MO modulobit NULL modulobit.v vlg7F/modulobit.bin 1481644358
